--------------------------------------------------------------------------------------
Timing Analyzer Summary
--------------------------------------------------------------------------------------

Type           : Worst-case tco
Slack          : N/A
Required Time  : None
Actual Time    : 25.246 ns
From           : GPR:inst1|lpm_dff1:inst31|lpm_ff:lpm_ff_component|dffs[4]
To             : dataBus[4]
From Clock     : clk
To Clock       : --
Failed Paths   : 0

Type           : Clock Setup: 'clk'
Slack          : N/A
Required Time  : None
Actual Time    : 31.74 MHz ( period = 31.504 ns )
From           : GPR:inst1|lpm_dff1:inst31|lpm_ff:lpm_ff_component|dffs[8]
To             : lpm_dff2:inst4|lpm_ff:lpm_ff_component|dffs[8]
From Clock     : clk
To Clock       : clk
Failed Paths   : 0

Type           : Clock Hold: 'clk'
Slack          : Not operational: Clock Skew > Data Delay
Required Time  : None
Actual Time    : N/A
From           : lpm_counter3:inst43|lpm_counter:lpm_counter_component|cntr_qlh:auto_generated|safe_q[0]
To             : GPR:inst1|lpm_dff1:inst37|lpm_ff:lpm_ff_component|dffs[0]
From Clock     : clk
To Clock       : clk
Failed Paths   : 2271

Type           : Total number of failed paths
Slack          : 
Required Time  : 
Actual Time    : 
From           : 
To             : 
From Clock     : 
To Clock       : 
Failed Paths   : 2271

--------------------------------------------------------------------------------------

